<html>
<body>
<pre>
<h1>µVision Build Log</h1>
<h2>Tool Versions:</h2>
IDE-Version: ¦ÌVision V5.40.0.0
Copyright (C) 2024 ARM Ltd and ARM Germany GmbH. All rights reserved.
License Information: 1 emperor, 1, LIC=GMZI6-DG27J-01GP1-CC20C-97MGX-Z6RU2
 
Tool Versions:
Toolchain:       MDK-ARM Plus  Version: 5.40.0.3
Toolchain Path:  C:\Users\emperor\AppData\Local\Keil_v5\ARM\ARMCLANG\Bin
C Compiler:      ArmClang.exe V6.22
Assembler:       Armasm.exe V6.22
Linker/Locator:  ArmLink.exe V6.22
Library Manager: ArmAr.exe V6.22
Hex Converter:   FromElf.exe V6.22
CPU DLL:         SARMCM3.DLL V5.40.0.3
Dialog DLL:      DCM.DLL V1.17.5.0
Target DLL:      STLink\ST-LINKIII-KEIL_SWO.dll V3.3.0.0
Dialog DLL:      TCM.DLL V1.56.4.0
 
<h2>Project:</h2>
D:\stm32 HAL\ADC and DMA\MDK-ARM\ADC and DMA.uvprojx
Project File Date:  08/10/2024

<h2>Output:</h2>
*** Using Compiler 'V6.22', folder: 'C:\Users\emperor\AppData\Local\Keil_v5\ARM\ARMCLANG\Bin'
Build target 'ADC and DMA'
../Core/Src/main.c(67): warning: passing 'int *' to parameter of type 'uint32_t *' (aka 'unsigned int *') converts between pointers to integer types with different sign [-Wpointer-sign]
   67 |         hhStatue=HAL_ADC_Start_DMA(&hadc1,(uint32_t*)AD_Value, 4);//<BF><AA>Ê¼ADC×ª<BB><BB>
      |                                           ^~~~~~~~~~~~~~~~~~~
../Drivers/STM32F1xx_HAL_Driver/Inc\stm32f1xx_hal_adc.h(928): note: passing argument to parameter 'pData' here
  928 | HAL_StatusTypeDef       HAL_ADC_Start_DMA(ADC_HandleTypeDef* hadc, uint32_t* pData, uint32_t Length);
      |                                                                              ^
1 warning generated.
compiling main.c...
linking...
Program Size: Code=8516 RO-data=1832 RW-data=12 ZI-data=1780  
FromELF: creating hex file...
"OLED\ADC one routine.axf" - 0 Error(s), 1 Warning(s).

<h2>Software Packages used:</h2>

Package Vendor: ARM
                https://www.keil.com/pack/ARM.CMSIS.6.1.0.pack
                ARM::CMSIS@6.1.0
                CMSIS (Common Microcontroller Software Interface Standard)
   * Component: CORE Version: 6.1.0

Package Vendor: Keil
                http://www.keil.com/pack/Keil.STM32F1xx_DFP.2.2.0.pack
                Keil::STM32F1xx_DFP@2.2.0
                STMicroelectronics STM32F1 Series Device Support, Drivers and Examples

<h2>Collection of Component include folders:</h2>
  ./RTE/_ADC_and_DMA
  C:/Users/emperor/AppData/Local/Arm/Packs/ARM/CMSIS/6.1.0/CMSIS/Core/Include
  C:/Users/emperor/AppData/Local/Arm/Packs/Keil/STM32F1xx_DFP/2.2.0/Device/Include

<h2>Collection of Component Files used:</h2>

   * Component: ARM::CMSIS:CORE@6.1.0
Build Time Elapsed:  00:00:01
</pre>
</body>
</html>
